Name: CCTV-17, URL: https://live.264788.xyz/channel/cctv17?streamid=348c8c0c04a6d2b900e5a3bcb4af8ce1&livekey=01WgOR41rriMmMkzNsd0UoaxJRwetZdxIvtVk, IPv_Type: ipv4, Location: 美国, ISP: CloudFlare节点, Date: None, Delay: 63 ms, Speed: 68.32 M/s, Resolution: 1920x1080
Name: 风云音乐, URL: https://live.264788.xyz/channel/fengyunyinyue?streamid=be37d16b874e7ba11dd383d7ecd75752&livekey=01WgOR41rriMmMkzNsd0UoaxJRwetZdxIvtVk, IPv_Type: ipv4, Location: 美国, ISP: CloudFlare节点, Date: None, Delay: 61 ms, Speed: 72.22 M/s, Resolution: 1920x1080
Name: 风云音乐, URL: https://live.264788.xyz/channel/fengyunyinyue?streamid=1b41fb9153cba3ee19bd5d1b323da27e&livekey=01WgOR41rriMmMkzNsd0UoaxJRwetZdxIvtVk, IPv_Type: ipv4, Location: 美国, ISP: CloudFlare节点, Date: None, Delay: 63 ms, Speed: 71.00 M/s, Resolution: 1920x1080
Name: 风云剧场, URL: https://live.264788.xyz/channel/fengyunjuchang?streamid=31e7b5b7032d25dd215a4069cdee1a48&livekey=01WgOR41rriMmMkzNsd0UoaxJRwetZdxIvtVk, IPv_Type: ipv4, Location: 美国, ISP: CloudFlare节点, Date: None, Delay: 58 ms, Speed: 70.69 M/s, Resolution: 1920x1080
Name: 兵器科技, URL: https://live.264788.xyz/channel/bingqikeji?streamid=6fc55a0966bdad1e1cdf39a4d37dd776&livekey=01WgOR41rriMmMkzNsd0UoaxJRwetZdxIvtVk, IPv_Type: ipv4, Location: 美国, ISP: CloudFlare节点, Date: None, Delay: 66 ms, Speed: 67.00 M/s, Resolution: 1920x1080
Name: 兵器科技, URL: https://live.264788.xyz/channel/bingqikeji?streamid=530cb4e58bbc48b7fc26f5e0a2e47966&livekey=01WgOR41rriMmMkzNsd0UoaxJRwetZdxIvtVk, IPv_Type: ipv4, Location: 美国, ISP: CloudFlare节点, Date: None, Delay: 71 ms, Speed: 62.27 M/s, Resolution: 1920x1080
Name: 湖南卫视, URL: http://satellitepull.cnr.cn/live/wx32hunws/playlist.m3u8, IPv_Type: ipv4, Location: 美国-伊利诺伊州-库克, ISP: 网宿CDN节点, Date: None, Delay: 168 ms, Speed: 0.59 M/s, Resolution: None
Name: 北京卫视, URL: http://satellitepull.cnr.cn/live/wxbtv/playlist.m3u8, IPv_Type: ipv4, Location: 美国-德克萨斯州-达拉斯, ISP: 网宿科技CDN节点, Date: None, Delay: 156 ms, Speed: 0.59 M/s, Resolution: None
Name: 安徽卫视, URL: http://satellitepull.cnr.cn/live/wxahws/playlist.m3u8, IPv_Type: ipv4, Location: 美国-德克萨斯州-达拉斯, ISP: 网宿科技CDN节点, Date: None, Delay: 154 ms, Speed: 0.60 M/s, Resolution: None
Name: 东南卫视, URL: http://satellitepull.cnr.cn/live/wx32fjws/playlist.m3u8, IPv_Type: ipv4, Location: 美国-德克萨斯州-达拉斯, ISP: 网宿科技CDN节点, Date: None, Delay: 164 ms, Speed: 0.58 M/s, Resolution: None
Name: 贵州卫视, URL: https://live.264788.xyz/channel/guizhouweishi?streamid=091bd59ea031989839c23459bb8cc9d4&livekey=01WgOR41rriMmMkzNsd0UoaxJRwetZdxIvtVk, IPv_Type: ipv4, Location: 美国, ISP: CloudFlare节点, Date: None, Delay: 62 ms, Speed: 71.19 M/s, Resolution: 1920x1080
Name: 河南卫视, URL: http://satellitepull.cnr.cn/live/wxhnws/playlist.m3u8, IPv_Type: ipv4, Location: 美国-德克萨斯州-达拉斯, ISP: 网宿科技CDN节点, Date: None, Delay: 165 ms, Speed: 0.57 M/s, Resolution: None
Name: 吉林卫视, URL: http://satellitepull.cnr.cn/live/wxjlws/playlist.m3u8, IPv_Type: ipv4, Location: 美国-德克萨斯州-达拉斯, ISP: 网宿科技CDN节点, Date: None, Delay: 153 ms, Speed: 0.63 M/s, Resolution: None
Name: 江西卫视, URL: https://live.264788.xyz/channel/jiangxiweishi?streamid=555198f31caa33506ac6abb70d788959&livekey=01WgOR41rriMmMkzNsd0UoaxJRwetZdxIvtVk, IPv_Type: ipv4, Location: 美国, ISP: CloudFlare节点, Date: None, Delay: 65 ms, Speed: 68.25 M/s, Resolution: 1920x1080
Name: 宁夏卫视, URL: https://live.264788.xyz/channel/ningxiaweishi?streamid=1b2952717a920173e66d4a348f9dcb5c&livekey=01WgOR41rriMmMkzNsd0UoaxJRwetZdxIvtVk, IPv_Type: ipv4, Location: 美国, ISP: CloudFlare节点, Date: None, Delay: 67 ms, Speed: 68.27 M/s, Resolution: 1920x1080
Name: 宁夏卫视, URL: https://live.264788.xyz/channel/ningxiaweishi?streamid=e1236348f815c36a0429357e5b5c5f10&livekey=01WgOR41rriMmMkzNsd0UoaxJRwetZdxIvtVk, IPv_Type: ipv4, Location: 美国, ISP: CloudFlare节点, Date: None, Delay: 95 ms, Speed: 53.80 M/s, Resolution: 1920x1080
Name: 青海卫视, URL: https://hls-qhmh.lanzhousobey.cn/qhmh/mhds.m3u8, IPv_Type: ipv6, Location: 中国, ISP: , Date: None, Delay: 2529 ms, Speed: 1.76 M/s, Resolution: 1920x1080
Name: 山东卫视, URL: http://satellitepull.cnr.cn/live/wxsdws/playlist.m3u8, IPv_Type: ipv4, Location: 美国-德克萨斯州-达拉斯, ISP: 网宿科技CDN节点, Date: None, Delay: 157 ms, Speed: 0.59 M/s, Resolution: None
Name: 山西卫视, URL: https://live.264788.xyz/channel/shanxiweishi?streamid=69e002ac7467d661ff7ad0671ed43f16&livekey=01WgOR41rriMmMkzNsd0UoaxJRwetZdxIvtVk, IPv_Type: ipv4, Location: 美国, ISP: CloudFlare节点, Date: None, Delay: 89 ms, Speed: 57.55 M/s, Resolution: 1920x1080
Name: 陕西卫视, URL: https://live.264788.xyz/channel/shaanxiweishi?streamid=9dc887dba8ecb4e4143baf4f2373800c&livekey=01WgOR41rriMmMkzNsd0UoaxJRwetZdxIvtVk, IPv_Type: ipv4, Location: 美国, ISP: CloudFlare节点, Date: None, Delay: 56 ms, Speed: 72.69 M/s, Resolution: 1920x1080
Name: 四川卫视, URL: https://live.264788.xyz/channel/sichuanweishi4k?streamid=21be5901ee81559c827dc84e46f26452&livekey=01WgOR41rriMmMkzNsd0UoaxJRwetZdxIvtVk, IPv_Type: ipv4, Location: 美国, ISP: CloudFlare节点, Date: None, Delay: 64 ms, Speed: 73.89 M/s, Resolution: 1920x1080
Name: 四川卫视, URL: https://live.264788.xyz/channel/sichuanweishi4k?streamid=401bf692a1a8b91298f26077d53316d6&livekey=01WgOR41rriMmMkzNsd0UoaxJRwetZdxIvtVk, IPv_Type: ipv4, Location: 美国, ISP: CloudFlare节点, Date: None, Delay: 71 ms, Speed: 70.77 M/s, Resolution: 1920x1080
Name: 西藏卫视, URL: https://live.264788.xyz/channel/xizangweishi?streamid=4b4e8ea919f1cfd5e43deed1d1675251&livekey=01WgOR41rriMmMkzNsd0UoaxJRwetZdxIvtVk, IPv_Type: ipv4, Location: 美国, ISP: CloudFlare节点, Date: None, Delay: 74 ms, Speed: 67.41 M/s, Resolution: 1920x1080
Name: 新疆卫视, URL: https://live.264788.xyz/channel/xinjiangweishi?streamid=4f481f56ae39ce5d24203471de9df635&livekey=01WgOR41rriMmMkzNsd0UoaxJRwetZdxIvtVk, IPv_Type: ipv4, Location: 美国, ISP: CloudFlare节点, Date: None, Delay: 65 ms, Speed: 69.35 M/s, Resolution: 1920x1080
Name: 北京新闻, URL: https://satellitepull.cnr.cn/live/wxbjxwgb/playlist.m3u8, IPv_Type: ipv4, Location: 美国-德克萨斯州-达拉斯, ISP: 网宿科技CDN节点, Date: None, Delay: 203 ms, Speed: 0.55 M/s, Resolution: None
Name: 都市剧场, URL: https://satellitepull.cnr.cn/live/wxcqxwgb/playlist.m3u8, IPv_Type: ipv4, Location: 美国-德克萨斯州-达拉斯, ISP: 网宿科技CDN节点, Date: None, Delay: 217 ms, Speed: 0.50 M/s, Resolution: None
Name: 海南新闻, URL: http://satellitepull.cnr.cn/live/wxhainxwgb/playlist.m3u8, IPv_Type: ipv4, Location: 美国-德克萨斯州-达拉斯, ISP: 网宿科技CDN节点, Date: None, Delay: 165 ms, Speed: 0.61 M/s, Resolution: None
Name: 海南新闻, URL: https://satellitepull.cnr.cn/live/wxhainxwgb/playlist.m3u8, IPv_Type: ipv4, Location: 美国-德克萨斯州-达拉斯, ISP: 网宿科技CDN节点, Date: None, Delay: 219 ms, Speed: 0.50 M/s, Resolution: None
Name: 山东体育, URL: http://satellitepull.cnr.cn/live/wxsdtyxxgb/playlist.m3u8, IPv_Type: ipv4, Location: 美国-德克萨斯州-达拉斯, ISP: 网宿科技CDN节点, Date: None, Delay: 153 ms, Speed: 0.58 M/s, Resolution: None
Name: 山东体育, URL: https://satellitepull.cnr.cn/live/wxsdtyxxgb/playlist.m3u8, IPv_Type: ipv4, Location: 美国-德克萨斯州-达拉斯, ISP: 网宿科技CDN节点, Date: None, Delay: 201 ms, Speed: 0.51 M/s, Resolution: None
Name: 延边卫视, URL: http://satellitepull.cnr.cn/live/wxybws/playlist.m3u8, IPv_Type: ipv4, Location: 美国-德克萨斯州-达拉斯, ISP: 网宿科技CDN节点, Date: None, Delay: 154 ms, Speed: 0.62 M/s, Resolution: None
Name: TVBS亚洲, URL: http://d2e1asnsl7br7b.cloudfront.net/7782e205e72f43aeb4a48ec97f66ebbe/index_5.m3u8?zshijd, IPv_Type: ipv6, Location: 美国, ISP: Amazon, Date: None, Delay: 435 ms, Speed: 5.32 M/s, Resolution: 1920x1080
Name: 音乐现场, URL: http://satellitepull.cnr.cn/live/wx32nmgyygb/playlist.m3u8, IPv_Type: ipv4, Location: 美国-伊利诺伊州-库克, ISP: 网宿CDN节点, Date: None, Delay: 165 ms, Speed: 0.62 M/s, Resolution: None
Name: 音乐现场, URL: https://satellitepull.cnr.cn/live/wx32nmgyygb/playlist.m3u8, IPv_Type: ipv4, Location: 美国-伊利诺伊州-库克, ISP: 网宿CDN节点, Date: None, Delay: 217 ms, Speed: 0.52 M/s, Resolution: None
Name: 笑傲江湖, URL: https://live.metshop.top/huya/23865142, IPv_Type: ipv6, Location: 美国, ISP: CloudFlare Inc., Date: None, Delay: 402 ms, Speed: 0.29 M/s, Resolution: 1920x1080
